=================================================================
==18659==ERROR: AddressSanitizer: stack-buffer-overflow on address 0x7b09fc300130 at pc 0x55c797eea1ee bp 0x7ffdd0f340c0 sp 0x7ffdd0f340b0
READ of size 8 at 0x7b09fc300130 thread T0
    #0 0x55c797eea1ed in tui_ascii_custom_box /home/vizn3r/dev/poker/src/tui.c:275
    #1 0x55c797ee6816 in poker_display /home/vizn3r/dev/poker/src/poker.c:194
    #2 0x55c797ee560e in main /home/vizn3r/dev/poker/main.c:66
    #3 0x7f09fe836634  (/usr/lib/libc.so.6+0x27634) (BuildId: 5e2075850f8de86da4eead11213c59d926ca3796)
    #4 0x7f09fe8366e8 in __libc_start_main (/usr/lib/libc.so.6+0x276e8) (BuildId: 5e2075850f8de86da4eead11213c59d926ca3796)
    #5 0x55c797ee5864 in _start (/home/vizn3r/dev/poker/build/game+0x4864) (BuildId: c9c4b5c3edd8559390f68e2b89511087089b1884)

Address 0x7b09fc300130 is located in stack of thread T0 at offset 48 in frame
    #0 0x55c797ee5fef in poker_display /home/vizn3r/dev/poker/src/poker.c:117

  This frame has 3 object(s):
    [32, 40) 'player_box' (line 194) <== Memory access at offset 48 overflows this variable
    [64, 96) 'rounds_played' (line 172) <== Memory access at offset 48 underflows this variable
    [128, 192) 'actions' (line 177)
HINT: this may be a false positive if your program uses some custom stack unwind mechanism, swapcontext or vfork
      (longjmp and C++ exceptions *are* supported)
SUMMARY: AddressSanitizer: stack-buffer-overflow /home/vizn3r/dev/poker/src/tui.c:275 in tui_ascii_custom_box
Shadow bytes around the buggy address:
  0x7b09fc2ffe80: 00 00 00 00 00 00 00 00 00 00 00 00 00 00 00 00
  0x7b09fc2fff00: 00 00 00 00 00 00 00 00 00 00 00 00 00 00 00 00
  0x7b09fc2fff80: 00 00 00 00 00 00 00 00 00 00 00 00 00 00 00 00
  0x7b09fc300000: f1 f1 f1 f1 00 00 00 00 00 00 00 00 00 00 00 00
  0x7b09fc300080: 00 00 00 00 00 00 00 f3 f3 f3 f3 f3 f3 f3 f3 f3
=>0x7b09fc300100: f1 f1 f1 f1 00 f2[f2]f2 00 00 00 00 f2 f2 f2 f2
  0x7b09fc300180: 00 00 00 00 00 00 00 00 f3 f3 f3 f3 00 00 00 00
  0x7b09fc300200: 00 00 00 00 00 00 00 00 00 00 00 00 00 00 00 00
  0x7b09fc300280: 00 00 00 00 00 00 00 00 00 00 00 00 00 00 00 00
  0x7b09fc300300: 00 00 00 00 00 00 00 00 00 00 00 00 00 00 00 00
  0x7b09fc300380: 00 00 00 00 00 00 00 00 00 00 00 00 00 00 00 00
Shadow byte legend (one shadow byte represents 8 application bytes):
  Addressable:           00
  Partially addressable: 01 02 03 04 05 06 07 
  Heap left redzone:       fa
  Freed heap region:       fd
  Stack left redzone:      f1
  Stack mid redzone:       f2
  Stack right redzone:     f3
  Stack after return:      f5
  Stack use after scope:   f8
  Global redzone:          f9
  Global init order:       f6
  Poisoned by user:        f7
  Container overflow:      fc
  Array cookie:            ac
  Intra object redzone:    bb
  ASan internal:           fe
  Left alloca redzone:     ca
  Right alloca redzone:    cb
==18659==ABORTING

=================================================================
==22728==ERROR: LeakSanitizer: detected memory leaks

Direct leak of 16 byte(s) in 1 object(s) allocated from:
    #0 0x7f96a6b20cb5 in malloc /usr/src/debug/gcc/gcc/libsanitizer/asan/asan_malloc_linux.cpp:67
    #1 0x55f5445eefcc in tui_ascii_custom_box /home/vizn3r/dev/poker/src/tui.c:263

Indirect leak of 264 byte(s) in 8 object(s) allocated from:
    #0 0x7f96a6b20cb5 in malloc /usr/src/debug/gcc/gcc/libsanitizer/asan/asan_malloc_linux.cpp:67
    #1 0x55f5445ef0c7 in tui_ascii_custom_box /home/vizn3r/dev/poker/src/tui.c:269

Indirect leak of 64 byte(s) in 1 object(s) allocated from:
    #0 0x7f96a6b20cb5 in malloc /usr/src/debug/gcc/gcc/libsanitizer/asan/asan_malloc_linux.cpp:67
    #1 0x55f5445ef03e in tui_ascii_custom_box /home/vizn3r/dev/poker/src/tui.c:266

SUMMARY: AddressSanitizer: 344 byte(s) leaked in 10 allocation(s).
=================================================================
==26385==ERROR: AddressSanitizer: global-buffer-overflow on address 0x556be8a782c2 at pc 0x7f879991e4da bp 0x7ffd75f0f770 sp 0x7ffd75f0ef18
READ of size 3 at 0x556be8a782c2 thread T0
    #0 0x7f879991e4d9 in memcpy /usr/src/debug/gcc/gcc/libsanitizer/sanitizer_common/sanitizer_common_interceptors_memintrinsics.inc:115
    #1 0x556be8a7652e in table_card_back_ascii /home/vizn3r/dev/poker/src/table.c:181
    #2 0x556be8a71a19 in poker_display /home/vizn3r/dev/poker/src/poker.c:207
    #3 0x556be8a7060e in main /home/vizn3r/dev/poker/main.c:66
    #4 0x7f8799636634  (/usr/lib/libc.so.6+0x27634) (BuildId: 5e2075850f8de86da4eead11213c59d926ca3796)
    #5 0x7f87996366e8 in __libc_start_main (/usr/lib/libc.so.6+0x276e8) (BuildId: 5e2075850f8de86da4eead11213c59d926ca3796)
    #6 0x556be8a70864 in _start (/home/vizn3r/dev/poker/build/game+0x4864) (BuildId: 2af7a6d54050251337615c690332b56d8c2fca1b)

0x556be8a782c2 is located 0 bytes after global variable '*.LC5' defined in '/home/vizn3r/dev/poker/src/table.c' (0x556be8a782c0) of size 2
  '*.LC5' is ascii string ' '
0x556be8a782c2 is located 62 bytes before global variable 'standard_cards' defined in '/home/vizn3r/dev/poker/src/table.c:20:25' (0x556be8a78300) of size 208
SUMMARY: AddressSanitizer: global-buffer-overflow /home/vizn3r/dev/poker/src/table.c:181 in table_card_back_ascii
Shadow bytes around the buggy address:
  0x556be8a78000: f9 f9 f9 f9 02 f9 f9 f9 f9 f9 f9 f9 00 00 f9 f9
  0x556be8a78080: f9 f9 f9 f9 04 f9 f9 f9 f9 f9 f9 f9 04 f9 f9 f9
  0x556be8a78100: f9 f9 f9 f9 04 f9 f9 f9 f9 f9 f9 f9 04 f9 f9 f9
  0x556be8a78180: f9 f9 f9 f9 04 f9 f9 f9 f9 f9 f9 f9 00 00 00 00
  0x556be8a78200: 00 00 00 00 00 00 00 00 00 00 00 00 00 00 00 00
=>0x556be8a78280: 00 00 00 00 00 00 00 00[02]f9 f9 f9 f9 f9 f9 f9
  0x556be8a78300: 00 00 00 00 00 00 00 00 00 00 00 00 00 00 00 00
  0x556be8a78380: 00 00 00 00 00 00 00 00 00 00 f9 f9 f9 f9 f9 f9
  0x556be8a78400: 00 00 06 f9 f9 f9 f9 f9 00 04 f9 f9 f9 f9 f9 f9
  0x556be8a78480: 00 06 f9 f9 f9 f9 f9 f9 00 04 f9 f9 f9 f9 f9 f9
  0x556be8a78500: 00 00 06 f9 f9 f9 f9 f9 06 f9 f9 f9 f9 f9 f9 f9
Shadow byte legend (one shadow byte represents 8 application bytes):
  Addressable:           00
  Partially addressable: 01 02 03 04 05 06 07 
  Heap left redzone:       fa
  Freed heap region:       fd
  Stack left redzone:      f1
  Stack mid redzone:       f2
  Stack right redzone:     f3
  Stack after return:      f5
  Stack use after scope:   f8
  Global redzone:          f9
  Global init order:       f6
  Poisoned by user:        f7
  Container overflow:      fc
  Array cookie:            ac
  Intra object redzone:    bb
  ASan internal:           fe
  Left alloca redzone:     ca
  Right alloca redzone:    cb
==26385==ABORTING
=================================================================
==26648==ERROR: AddressSanitizer: global-buffer-overflow on address 0x55d8ec0f42c2 at pc 0x7f869171e4da bp 0x7ffe33b11c40 sp 0x7ffe33b113e8
READ of size 3 at 0x55d8ec0f42c2 thread T0
    #0 0x7f869171e4d9 in memcpy /usr/src/debug/gcc/gcc/libsanitizer/sanitizer_common/sanitizer_common_interceptors_memintrinsics.inc:115
    #1 0x55d8ec0f252e in table_card_back_ascii /home/vizn3r/dev/poker/src/table.c:181
    #2 0x55d8ec0eda19 in poker_display /home/vizn3r/dev/poker/src/poker.c:207
    #3 0x55d8ec0ec60e in main /home/vizn3r/dev/poker/main.c:66
    #4 0x7f8691436634  (/usr/lib/libc.so.6+0x27634) (BuildId: 5e2075850f8de86da4eead11213c59d926ca3796)
    #5 0x7f86914366e8 in __libc_start_main (/usr/lib/libc.so.6+0x276e8) (BuildId: 5e2075850f8de86da4eead11213c59d926ca3796)
    #6 0x55d8ec0ec864 in _start (/home/vizn3r/dev/poker/build/game+0x4864) (BuildId: 2af7a6d54050251337615c690332b56d8c2fca1b)

0x55d8ec0f42c2 is located 0 bytes after global variable '*.LC5' defined in '/home/vizn3r/dev/poker/src/table.c' (0x55d8ec0f42c0) of size 2
  '*.LC5' is ascii string ' '
0x55d8ec0f42c2 is located 62 bytes before global variable 'standard_cards' defined in '/home/vizn3r/dev/poker/src/table.c:20:25' (0x55d8ec0f4300) of size 208
SUMMARY: AddressSanitizer: global-buffer-overflow /home/vizn3r/dev/poker/src/table.c:181 in table_card_back_ascii
Shadow bytes around the buggy address:
  0x55d8ec0f4000: f9 f9 f9 f9 02 f9 f9 f9 f9 f9 f9 f9 00 00 f9 f9
  0x55d8ec0f4080: f9 f9 f9 f9 04 f9 f9 f9 f9 f9 f9 f9 04 f9 f9 f9
  0x55d8ec0f4100: f9 f9 f9 f9 04 f9 f9 f9 f9 f9 f9 f9 04 f9 f9 f9
  0x55d8ec0f4180: f9 f9 f9 f9 04 f9 f9 f9 f9 f9 f9 f9 00 00 00 00
  0x55d8ec0f4200: 00 00 00 00 00 00 00 00 00 00 00 00 00 00 00 00
=>0x55d8ec0f4280: 00 00 00 00 00 00 00 00[02]f9 f9 f9 f9 f9 f9 f9
  0x55d8ec0f4300: 00 00 00 00 00 00 00 00 00 00 00 00 00 00 00 00
  0x55d8ec0f4380: 00 00 00 00 00 00 00 00 00 00 f9 f9 f9 f9 f9 f9
  0x55d8ec0f4400: 00 00 06 f9 f9 f9 f9 f9 00 04 f9 f9 f9 f9 f9 f9
  0x55d8ec0f4480: 00 06 f9 f9 f9 f9 f9 f9 00 04 f9 f9 f9 f9 f9 f9
  0x55d8ec0f4500: 00 00 06 f9 f9 f9 f9 f9 06 f9 f9 f9 f9 f9 f9 f9
Shadow byte legend (one shadow byte represents 8 application bytes):
  Addressable:           00
  Partially addressable: 01 02 03 04 05 06 07 
  Heap left redzone:       fa
  Freed heap region:       fd
  Stack left redzone:      f1
  Stack mid redzone:       f2
  Stack right redzone:     f3
  Stack after return:      f5
  Stack use after scope:   f8
  Global redzone:          f9
  Global init order:       f6
  Poisoned by user:        f7
  Container overflow:      fc
  Array cookie:            ac
  Intra object redzone:    bb
  ASan internal:           fe
  Left alloca redzone:     ca
  Right alloca redzone:    cb
==26648==ABORTING

=================================================================
==34578==ERROR: LeakSanitizer: detected memory leaks

Direct leak of 176 byte(s) in 11 object(s) allocated from:
    #0 0x7f93fb720cb5 in malloc /usr/src/debug/gcc/gcc/libsanitizer/asan/asan_malloc_linux.cpp:67
    #1 0x556108e5f26c in tui_ascii_custom_box /home/vizn3r/dev/poker/src/tui.c:263

Indirect leak of 14168 byte(s) in 88 object(s) allocated from:
    #0 0x7f93fb720cb5 in malloc /usr/src/debug/gcc/gcc/libsanitizer/asan/asan_malloc_linux.cpp:67
    #1 0x556108e5f367 in tui_ascii_custom_box /home/vizn3r/dev/poker/src/tui.c:269

Indirect leak of 704 byte(s) in 11 object(s) allocated from:
    #0 0x7f93fb720cb5 in malloc /usr/src/debug/gcc/gcc/libsanitizer/asan/asan_malloc_linux.cpp:67
    #1 0x556108e5f2de in tui_ascii_custom_box /home/vizn3r/dev/poker/src/tui.c:266

SUMMARY: AddressSanitizer: 15048 byte(s) leaked in 110 allocation(s).
=================================================================
==37257==ERROR: AddressSanitizer: heap-buffer-overflow on address 0x7c1a961e086d at pc 0x7f2a9771e1a7 bp 0x7ffc9a804f50 sp 0x7ffc9a8046f8
WRITE of size 5 at 0x7c1a961e086d thread T0
    #0 0x7f2a9771e1a6 in memcpy /usr/src/debug/gcc/gcc/libsanitizer/sanitizer_common/sanitizer_common_interceptors_memintrinsics.inc:115
    #1 0x55b55de0a423 in tui_ascii_custom_box /home/vizn3r/dev/poker/src/tui.c:290
    #2 0x55b55de0617f in poker_display /home/vizn3r/dev/poker/src/poker.c:141
    #3 0x55b55de05669 in main /home/vizn3r/dev/poker/main.c:67
    #4 0x7f2a97436634  (/usr/lib/libc.so.6+0x27634) (BuildId: 5e2075850f8de86da4eead11213c59d926ca3796)
    #5 0x7f2a974366e8 in __libc_start_main (/usr/lib/libc.so.6+0x276e8) (BuildId: 5e2075850f8de86da4eead11213c59d926ca3796)
    #6 0x55b55de058d4 in _start (/home/vizn3r/dev/poker/build/game+0x48d4) (BuildId: 1c5e40b40af1f897022446cd32306b972d836487)

0x7c1a961e086d is located 0 bytes after 173-byte region [0x7c1a961e07c0,0x7c1a961e086d)
allocated by thread T0 here:
    #0 0x7f2a97720cb5 in malloc /usr/src/debug/gcc/gcc/libsanitizer/asan/asan_malloc_linux.cpp:67
    #1 0x55b55de0a387 in tui_ascii_custom_box /home/vizn3r/dev/poker/src/tui.c:269

SUMMARY: AddressSanitizer: heap-buffer-overflow /home/vizn3r/dev/poker/src/tui.c:290 in tui_ascii_custom_box
Shadow bytes around the buggy address:
  0x7c1a961e0580: fd fd fd fa fa fa fa fa fa fa fa fa fd fd fd fd
  0x7c1a961e0600: fd fd fd fd fd fd fd fd fd fd fd fd fd fd fd fd
  0x7c1a961e0680: fd fa fa fa fa fa fa fa fa fa 00 00 00 00 00 00
  0x7c1a961e0700: 00 00 00 00 00 00 00 00 00 00 00 00 00 00 00 00
  0x7c1a961e0780: fa fa fa fa fa fa fa fa 00 00 00 00 00 00 00 00
=>0x7c1a961e0800: 00 00 00 00 00 00 00 00 00 00 00 00 00[05]fa fa
  0x7c1a961e0880: fa fa fa fa fa fa fa fa fa fa fa fa fa fa fa fa
  0x7c1a961e0900: fa fa fa fa fa fa fa fa fa fa fa fa fa fa fa fa
  0x7c1a961e0980: fa fa fa fa fa fa fa fa fa fa fa fa fa fa fa fa
  0x7c1a961e0a00: fa fa fa fa fa fa fa fa fa fa fa fa fa fa fa fa
  0x7c1a961e0a80: fa fa fa fa fa fa fa fa fa fa fa fa fa fa fa fa
Shadow byte legend (one shadow byte represents 8 application bytes):
  Addressable:           00
  Partially addressable: 01 02 03 04 05 06 07 
  Heap left redzone:       fa
  Freed heap region:       fd
  Stack left redzone:      f1
  Stack mid redzone:       f2
  Stack right redzone:     f3
  Stack after return:      f5
  Stack use after scope:   f8
  Global redzone:          f9
  Global init order:       f6
  Poisoned by user:        f7
  Container overflow:      fc
  Array cookie:            ac
  Intra object redzone:    bb
  ASan internal:           fe
  Left alloca redzone:     ca
  Right alloca redzone:    cb
==37257==ABORTING
=================================================================
==3473==ERROR: AddressSanitizer: global-buffer-overflow on address 0x55c5ff058490 at pc 0x55c5ff04ecba bp 0x7ffc4be1c7b0 sp 0x7ffc4be1c7a0
READ of size 8 at 0x55c5ff058490 thread T0
    #0 0x55c5ff04ecb9 in poker_display /home/vizn3r/dev/poker/src/poker.c:195
    #1 0x55c5ff04d604 in main /home/vizn3r/dev/poker/main.c:68
    #2 0x7fb5e1e36634  (/usr/lib/libc.so.6+0x27634) (BuildId: 5e2075850f8de86da4eead11213c59d926ca3796)
    #3 0x7fb5e1e366e8 in __libc_start_main (/usr/lib/libc.so.6+0x276e8) (BuildId: 5e2075850f8de86da4eead11213c59d926ca3796)
    #4 0x55c5ff04d934 in _start (/home/vizn3r/dev/poker/build/game+0x4934) (BuildId: 40852d77014dcc4f5054f3d5a867671073a59ac8)

0x55c5ff058490 is located 48 bytes before global variable 'poker_states' defined in '/home/vizn3r/dev/poker/src/poker.c:27:13' (0x55c5ff0584c0) of size 72
0x55c5ff058490 is located 8 bytes after global variable 'poker_actions' defined in '/home/vizn3r/dev/poker/src/poker.c:39:13' (0x55c5ff058460) of size 40
SUMMARY: AddressSanitizer: global-buffer-overflow /home/vizn3r/dev/poker/src/poker.c:195 in poker_display
Shadow bytes around the buggy address:
  0x55c5ff058200: f9 f9 f9 f9 f9 f9 f9 f9 f9 f9 f9 f9 f9 f9 f9 f9
  0x55c5ff058280: f9 f9 f9 f9 f9 f9 f9 f9 f9 f9 f9 f9 f9 f9 f9 f9
  0x55c5ff058300: f9 f9 f9 f9 f9 f9 f9 f9 f9 f9 f9 f9 f9 f9 f9 f9
  0x55c5ff058380: f9 f9 f9 f9 f9 f9 f9 f9 f9 f9 f9 f9 f9 f9 f9 f9
  0x55c5ff058400: f9 f9 f9 f9 04 f9 f9 f9 f9 f9 f9 f9 00 00 00 00
=>0x55c5ff058480: 00 f9[f9]f9 f9 f9 f9 f9 00 00 00 00 00 00 00 00
  0x55c5ff058500: 00 f9 f9 f9 f9 f9 f9 f9 00 00 00 f9 f9 f9 f9 f9
  0x55c5ff058580: 00 00 00 00 00 00 00 00 00 00 00 00 00 00 00 00
  0x55c5ff058600: f9 f9 f9 f9 f9 f9 f9 f9 f9 f9 f9 f9 f9 f9 f9 f9
  0x55c5ff058680: f9 f9 f9 f9 f9 f9 f9 f9 f9 f9 f9 f9 f9 f9 f9 f9
  0x55c5ff058700: f9 f9 f9 f9 f9 f9 f9 f9 f9 f9 f9 f9 f9 f9 f9 f9
Shadow byte legend (one shadow byte represents 8 application bytes):
  Addressable:           00
  Partially addressable: 01 02 03 04 05 06 07 
  Heap left redzone:       fa
  Freed heap region:       fd
  Stack left redzone:      f1
  Stack mid redzone:       f2
  Stack right redzone:     f3
  Stack after return:      f5
  Stack use after scope:   f8
  Global redzone:          f9
  Global init order:       f6
  Poisoned by user:        f7
  Container overflow:      fc
  Array cookie:            ac
  Intra object redzone:    bb
  ASan internal:           fe
  Left alloca redzone:     ca
  Right alloca redzone:    cb
==3473==ABORTING
=================================================================
==3655==ERROR: AddressSanitizer: global-buffer-overflow on address 0x55d2941b4490 at pc 0x55d2941aacba bp 0x7fff0aaf8410 sp 0x7fff0aaf8400
READ of size 8 at 0x55d2941b4490 thread T0
    #0 0x55d2941aacb9 in poker_display /home/vizn3r/dev/poker/src/poker.c:195
    #1 0x55d2941a9604 in main /home/vizn3r/dev/poker/main.c:68
    #2 0x7f6e44636634  (/usr/lib/libc.so.6+0x27634) (BuildId: 5e2075850f8de86da4eead11213c59d926ca3796)
    #3 0x7f6e446366e8 in __libc_start_main (/usr/lib/libc.so.6+0x276e8) (BuildId: 5e2075850f8de86da4eead11213c59d926ca3796)
    #4 0x55d2941a9934 in _start (/home/vizn3r/dev/poker/build/game+0x4934) (BuildId: 40852d77014dcc4f5054f3d5a867671073a59ac8)

0x55d2941b4490 is located 48 bytes before global variable 'poker_states' defined in '/home/vizn3r/dev/poker/src/poker.c:27:13' (0x55d2941b44c0) of size 72
0x55d2941b4490 is located 8 bytes after global variable 'poker_actions' defined in '/home/vizn3r/dev/poker/src/poker.c:39:13' (0x55d2941b4460) of size 40
SUMMARY: AddressSanitizer: global-buffer-overflow /home/vizn3r/dev/poker/src/poker.c:195 in poker_display
Shadow bytes around the buggy address:
  0x55d2941b4200: f9 f9 f9 f9 f9 f9 f9 f9 f9 f9 f9 f9 f9 f9 f9 f9
  0x55d2941b4280: f9 f9 f9 f9 f9 f9 f9 f9 f9 f9 f9 f9 f9 f9 f9 f9
  0x55d2941b4300: f9 f9 f9 f9 f9 f9 f9 f9 f9 f9 f9 f9 f9 f9 f9 f9
  0x55d2941b4380: f9 f9 f9 f9 f9 f9 f9 f9 f9 f9 f9 f9 f9 f9 f9 f9
  0x55d2941b4400: f9 f9 f9 f9 04 f9 f9 f9 f9 f9 f9 f9 00 00 00 00
=>0x55d2941b4480: 00 f9[f9]f9 f9 f9 f9 f9 00 00 00 00 00 00 00 00
  0x55d2941b4500: 00 f9 f9 f9 f9 f9 f9 f9 00 00 00 f9 f9 f9 f9 f9
  0x55d2941b4580: 00 00 00 00 00 00 00 00 00 00 00 00 00 00 00 00
  0x55d2941b4600: f9 f9 f9 f9 f9 f9 f9 f9 f9 f9 f9 f9 f9 f9 f9 f9
  0x55d2941b4680: f9 f9 f9 f9 f9 f9 f9 f9 f9 f9 f9 f9 f9 f9 f9 f9
  0x55d2941b4700: f9 f9 f9 f9 f9 f9 f9 f9 f9 f9 f9 f9 f9 f9 f9 f9
Shadow byte legend (one shadow byte represents 8 application bytes):
  Addressable:           00
  Partially addressable: 01 02 03 04 05 06 07 
  Heap left redzone:       fa
  Freed heap region:       fd
  Stack left redzone:      f1
  Stack mid redzone:       f2
  Stack right redzone:     f3
  Stack after return:      f5
  Stack use after scope:   f8
  Global redzone:          f9
  Global init order:       f6
  Poisoned by user:        f7
  Container overflow:      fc
  Array cookie:            ac
  Intra object redzone:    bb
  ASan internal:           fe
  Left alloca redzone:     ca
  Right alloca redzone:    cb
==3655==ABORTING
=================================================================
==4228==ERROR: AddressSanitizer: global-buffer-overflow on address 0x56525efa7490 at pc 0x56525ef9dcda bp 0x7fff9ed58c70 sp 0x7fff9ed58c60
READ of size 8 at 0x56525efa7490 thread T0
    #0 0x56525ef9dcd9 in poker_display /home/vizn3r/dev/poker/src/poker.c:195
    #1 0x56525ef9c604 in main /home/vizn3r/dev/poker/main.c:68
    #2 0x7f7395036634  (/usr/lib/libc.so.6+0x27634) (BuildId: 5e2075850f8de86da4eead11213c59d926ca3796)
    #3 0x7f73950366e8 in __libc_start_main (/usr/lib/libc.so.6+0x276e8) (BuildId: 5e2075850f8de86da4eead11213c59d926ca3796)
    #4 0x56525ef9c934 in _start (/home/vizn3r/dev/poker/build/game+0x4934) (BuildId: a8fdeb3ae4a9c44d1ef0b9e40f749ce4ee43428a)

0x56525efa7490 is located 48 bytes before global variable 'poker_states' defined in '/home/vizn3r/dev/poker/src/poker.c:27:13' (0x56525efa74c0) of size 72
0x56525efa7490 is located 8 bytes after global variable 'poker_actions' defined in '/home/vizn3r/dev/poker/src/poker.c:39:13' (0x56525efa7460) of size 40
SUMMARY: AddressSanitizer: global-buffer-overflow /home/vizn3r/dev/poker/src/poker.c:195 in poker_display
Shadow bytes around the buggy address:
  0x56525efa7200: f9 f9 f9 f9 f9 f9 f9 f9 f9 f9 f9 f9 f9 f9 f9 f9
  0x56525efa7280: f9 f9 f9 f9 f9 f9 f9 f9 f9 f9 f9 f9 f9 f9 f9 f9
  0x56525efa7300: f9 f9 f9 f9 f9 f9 f9 f9 f9 f9 f9 f9 f9 f9 f9 f9
  0x56525efa7380: f9 f9 f9 f9 f9 f9 f9 f9 f9 f9 f9 f9 f9 f9 f9 f9
  0x56525efa7400: f9 f9 f9 f9 04 f9 f9 f9 f9 f9 f9 f9 00 00 00 00
=>0x56525efa7480: 00 f9[f9]f9 f9 f9 f9 f9 00 00 00 00 00 00 00 00
  0x56525efa7500: 00 f9 f9 f9 f9 f9 f9 f9 00 00 00 f9 f9 f9 f9 f9
  0x56525efa7580: 00 00 00 00 00 00 00 00 00 00 00 00 00 00 00 00
  0x56525efa7600: f9 f9 f9 f9 f9 f9 f9 f9 f9 f9 f9 f9 f9 f9 f9 f9
  0x56525efa7680: f9 f9 f9 f9 f9 f9 f9 f9 f9 f9 f9 f9 f9 f9 f9 f9
  0x56525efa7700: f9 f9 f9 f9 f9 f9 f9 f9 f9 f9 f9 f9 f9 f9 f9 f9
Shadow byte legend (one shadow byte represents 8 application bytes):
  Addressable:           00
  Partially addressable: 01 02 03 04 05 06 07 
  Heap left redzone:       fa
  Freed heap region:       fd
  Stack left redzone:      f1
  Stack mid redzone:       f2
  Stack right redzone:     f3
  Stack after return:      f5
  Stack use after scope:   f8
  Global redzone:          f9
  Global init order:       f6
  Poisoned by user:        f7
  Container overflow:      fc
  Array cookie:            ac
  Intra object redzone:    bb
  ASan internal:           fe
  Left alloca redzone:     ca
  Right alloca redzone:    cb
==4228==ABORTING
=================================================================
==5444==ERROR: AddressSanitizer: global-buffer-overflow on address 0x55b225506488 at pc 0x55b2254fcdc7 bp 0x7ffe76f28c50 sp 0x7ffe76f28c40
READ of size 8 at 0x55b225506488 thread T0
    #0 0x55b2254fcdc6 in poker_display /home/vizn3r/dev/poker/src/poker.c:195
    #1 0x55b2254fb604 in main /home/vizn3r/dev/poker/main.c:68
    #2 0x7fad3c636634  (/usr/lib/libc.so.6+0x27634) (BuildId: 5e2075850f8de86da4eead11213c59d926ca3796)
    #3 0x7fad3c6366e8 in __libc_start_main (/usr/lib/libc.so.6+0x276e8) (BuildId: 5e2075850f8de86da4eead11213c59d926ca3796)
    #4 0x55b2254fb934 in _start (/home/vizn3r/dev/poker/build/game+0x4934) (BuildId: 5f1f47cf7b1082e16beaca6e6441f77be720f77f)

0x55b225506488 is located 56 bytes before global variable 'poker_states' defined in '/home/vizn3r/dev/poker/src/poker.c:27:13' (0x55b2255064c0) of size 72
0x55b225506488 is located 0 bytes after global variable 'poker_actions' defined in '/home/vizn3r/dev/poker/src/poker.c:39:13' (0x55b225506460) of size 40
SUMMARY: AddressSanitizer: global-buffer-overflow /home/vizn3r/dev/poker/src/poker.c:195 in poker_display
Shadow bytes around the buggy address:
  0x55b225506200: f9 f9 f9 f9 f9 f9 f9 f9 f9 f9 f9 f9 f9 f9 f9 f9
  0x55b225506280: f9 f9 f9 f9 f9 f9 f9 f9 f9 f9 f9 f9 f9 f9 f9 f9
  0x55b225506300: f9 f9 f9 f9 f9 f9 f9 f9 f9 f9 f9 f9 f9 f9 f9 f9
  0x55b225506380: f9 f9 f9 f9 f9 f9 f9 f9 f9 f9 f9 f9 f9 f9 f9 f9
  0x55b225506400: f9 f9 f9 f9 04 f9 f9 f9 f9 f9 f9 f9 00 00 00 00
=>0x55b225506480: 00[f9]f9 f9 f9 f9 f9 f9 00 00 00 00 00 00 00 00
  0x55b225506500: 00 f9 f9 f9 f9 f9 f9 f9 00 00 00 f9 f9 f9 f9 f9
  0x55b225506580: 00 00 00 00 00 00 00 00 00 00 00 00 00 00 00 00
  0x55b225506600: f9 f9 f9 f9 f9 f9 f9 f9 f9 f9 f9 f9 f9 f9 f9 f9
  0x55b225506680: f9 f9 f9 f9 f9 f9 f9 f9 f9 f9 f9 f9 f9 f9 f9 f9
  0x55b225506700: f9 f9 f9 f9 f9 f9 f9 f9 f9 f9 f9 f9 f9 f9 f9 f9
Shadow byte legend (one shadow byte represents 8 application bytes):
  Addressable:           00
  Partially addressable: 01 02 03 04 05 06 07 
  Heap left redzone:       fa
  Freed heap region:       fd
  Stack left redzone:      f1
  Stack mid redzone:       f2
  Stack right redzone:     f3
  Stack after return:      f5
  Stack use after scope:   f8
  Global redzone:          f9
  Global init order:       f6
  Poisoned by user:        f7
  Container overflow:      fc
  Array cookie:            ac
  Intra object redzone:    bb
  ASan internal:           fe
  Left alloca redzone:     ca
  Right alloca redzone:    cb
==5444==ABORTING
=================================================================
==5560==ERROR: AddressSanitizer: global-buffer-overflow on address 0x55c0e1830488 at pc 0x55c0e1826dc7 bp 0x7fff0c364e90 sp 0x7fff0c364e80
READ of size 8 at 0x55c0e1830488 thread T0
    #0 0x55c0e1826dc6 in poker_display /home/vizn3r/dev/poker/src/poker.c:195
    #1 0x55c0e1825604 in main /home/vizn3r/dev/poker/main.c:68
    #2 0x7f3c3ce36634  (/usr/lib/libc.so.6+0x27634) (BuildId: 5e2075850f8de86da4eead11213c59d926ca3796)
    #3 0x7f3c3ce366e8 in __libc_start_main (/usr/lib/libc.so.6+0x276e8) (BuildId: 5e2075850f8de86da4eead11213c59d926ca3796)
    #4 0x55c0e1825934 in _start (/home/vizn3r/dev/poker/build/game+0x4934) (BuildId: 5f1f47cf7b1082e16beaca6e6441f77be720f77f)

0x55c0e1830488 is located 56 bytes before global variable 'poker_states' defined in '/home/vizn3r/dev/poker/src/poker.c:27:13' (0x55c0e18304c0) of size 72
0x55c0e1830488 is located 0 bytes after global variable 'poker_actions' defined in '/home/vizn3r/dev/poker/src/poker.c:39:13' (0x55c0e1830460) of size 40
SUMMARY: AddressSanitizer: global-buffer-overflow /home/vizn3r/dev/poker/src/poker.c:195 in poker_display
Shadow bytes around the buggy address:
  0x55c0e1830200: f9 f9 f9 f9 f9 f9 f9 f9 f9 f9 f9 f9 f9 f9 f9 f9
  0x55c0e1830280: f9 f9 f9 f9 f9 f9 f9 f9 f9 f9 f9 f9 f9 f9 f9 f9
  0x55c0e1830300: f9 f9 f9 f9 f9 f9 f9 f9 f9 f9 f9 f9 f9 f9 f9 f9
  0x55c0e1830380: f9 f9 f9 f9 f9 f9 f9 f9 f9 f9 f9 f9 f9 f9 f9 f9
  0x55c0e1830400: f9 f9 f9 f9 04 f9 f9 f9 f9 f9 f9 f9 00 00 00 00
=>0x55c0e1830480: 00[f9]f9 f9 f9 f9 f9 f9 00 00 00 00 00 00 00 00
  0x55c0e1830500: 00 f9 f9 f9 f9 f9 f9 f9 00 00 00 f9 f9 f9 f9 f9
  0x55c0e1830580: 00 00 00 00 00 00 00 00 00 00 00 00 00 00 00 00
  0x55c0e1830600: f9 f9 f9 f9 f9 f9 f9 f9 f9 f9 f9 f9 f9 f9 f9 f9
  0x55c0e1830680: f9 f9 f9 f9 f9 f9 f9 f9 f9 f9 f9 f9 f9 f9 f9 f9
  0x55c0e1830700: f9 f9 f9 f9 f9 f9 f9 f9 f9 f9 f9 f9 f9 f9 f9 f9
Shadow byte legend (one shadow byte represents 8 application bytes):
  Addressable:           00
  Partially addressable: 01 02 03 04 05 06 07 
  Heap left redzone:       fa
  Freed heap region:       fd
  Stack left redzone:      f1
  Stack mid redzone:       f2
  Stack right redzone:     f3
  Stack after return:      f5
  Stack use after scope:   f8
  Global redzone:          f9
  Global init order:       f6
  Poisoned by user:        f7
  Container overflow:      fc
  Array cookie:            ac
  Intra object redzone:    bb
  ASan internal:           fe
  Left alloca redzone:     ca
  Right alloca redzone:    cb
==5560==ABORTING
./test.sh: line 5: ./build/game: No such file or directory
